// Jest Snapshot v1, https://goo.gl/fbAQLP

exports[`Transactions component renders the account operations section 1`] = `
<div>
  <div
    class="flex flex-col space-y-1.5 p-6"
  >
    <h3
      class="text-2xl font-semibold leading-none tracking-tight"
    >
      Account Operations
    </h3>
  </div>
  <form
    class="space-y-2 pl-6"
  >
    <div
      class="space-y-2"
    >
      <label
        class="text-sm font-medium leading-none peer-disabled:cursor-not-allowed peer-disabled:opacity-70"
        for=":r0:-form-item"
      >
        Operation Type
      </label>
      <button
        aria-autocomplete="none"
        aria-controls="radix-:r1:"
        aria-describedby=":r0:-form-item-description"
        aria-expanded="false"
        aria-invalid="false"
        class="flex h-10 w-full items-center justify-between rounded-md border border-input bg-background px-3 py-2 text-sm ring-offset-background placeholder:text-muted-foreground focus:outline-none focus:ring-2 focus:ring-ring focus:ring-offset-2 disabled:cursor-not-allowed disabled:opacity-50"
        data-state="closed"
        dir="ltr"
        id=":r0:-form-item"
        role="combobox"
        type="button"
      >
        <span
          style="pointer-events: none;"
        >
          Deposit
        </span>
        <svg
          aria-hidden="true"
          class="h-4 w-4 opacity-50"
          fill="none"
          height="24"
          stroke="currentColor"
          stroke-linecap="round"
          stroke-linejoin="round"
          stroke-width="2"
          viewBox="0 0 24 24"
          width="24"
          xmlns="http://www.w3.org/2000/svg"
        >
          <path
            d="m6 9 6 6 6-6"
          />
        </svg>
      </button>
      <select
        aria-hidden="true"
        style="position: absolute; border: 0px; width: 1px; height: 1px; padding: 0px; margin: -1px; overflow: hidden; clip: rect(0px, 0px, 0px, 0px); white-space: nowrap; word-wrap: normal;"
        tabindex="-1"
      >
        <option
          selected=""
          value="DEPOSIT"
        >
          Deposit
        </option>
        <option
          value="WITHDRAWAL"
        >
          Withdraw
        </option>
      </select>
    </div>
    <div
      class="space-y-2"
    >
      <label
        class="text-sm font-medium leading-none peer-disabled:cursor-not-allowed peer-disabled:opacity-70"
        for=":r2:-form-item"
      >
        Balance
      </label>
      <input
        aria-describedby=":r2:-form-item-description"
        aria-invalid="false"
        class="flex h-10 w-full rounded-md border border-input bg-background px-3 py-2 text-sm ring-offset-background file:border-0 file:bg-transparent file:text-sm file:font-medium placeholder:text-muted-foreground focus-visible:outline-none focus-visible:ring-2 focus-visible:ring-ring focus-visible:ring-offset-2 disabled:cursor-not-allowed disabled:opacity-50"
        data-testid="balance"
        id=":r2:-form-item"
        name="balance"
        type="number"
        value="0"
      />
    </div>
    <button
      class="inline-flex items-center justify-center rounded-md text-sm font-medium ring-offset-background transition-colors focus-visible:outline-none focus-visible:ring-2 focus-visible:ring-ring focus-visible:ring-offset-2 disabled:pointer-events-none disabled:opacity-50 bg-primary text-primary-foreground hover:bg-primary/90 h-10 px-4 py-2"
      role="button"
      type="submit"
    >
      Execute
    </button>
  </form>
</div>
`;
